// Jest Snapshot v1, https://goo.gl/fbAQLP

exports[`AlbumList component renders component correctly 1`] = `
<RCTScrollView>
  <View />
</RCTScrollView>
`;
