// Jest Snapshot v1, https://goo.gl/fbAQLP

exports[`CardSection component renders component correctly 1`] = `
<View
  style={
    Object {
      "backgroundColor": "#fff",
      "borderBottomWidth": 1,
      "borderColor": "#ddd",
      "flexDirection": "row",
      "justifyContent": "flex-start",
      "padding": 5,
      "position": "relative",
    }
  }
/>
`;
